MariaDB [(none)]> tee 211402089.log
Logging to file '211402089.log'
MariaDB [(none)]> SHOW DATABASES;
+--------------------+
| Database           |
+--------------------+
| db_sample          |
| db_spp             |
| db_toko            |
| googleplaybooks    |
| info               |
| information_schema |
| kasir              |
| kasir_db           |
| kasir_zibran       |
| kelompok2b         |
| lab_pwl            |
| mysql              |
| performance_schema |
| phpmyadmin         |
| pos_db             |
| posting            |
| stokbrg            |
| stokbrg2           |
| test               |
| tubes              |
| tugas3prakpwl      |
| uassbd             |
| userform           |
| web_spp            |
| website_laravel    |
+--------------------+
25 rows in set (0.002 sec)

MariaDB [(none)]> USE uassbd
Database changed
MariaDB [uassbd]> SELECT
    -> a.id, a.task_name, b.task_status, b.task_comments, d.category_name as 'Category',
    -> DATEDIFF(a.task_duration_end, a.task_duration_start) as 'Lama Pengerjaan',
    -> c.name as 'Create By', (SELECT name from users where users.id = task_dailies.user_verify_id ) as 'Verified By'
    -> FROM task_plans a
    -> RIGHT JOIN task_dailies b ON a.id = b.plan_id
    -> INNER JOIN users c ON b.id = c.id
    -> RIGHT JOIN task_categories d ON a.category_id = d.id
    -> ;
ERROR 1054 (42S22): Unknown column 'a.task_duration_start' in 'field list'
MariaDB [uassbd]> SELECT
    -> a.id, a.task_name, b.task_status, b.task_comments, d.category_name as 'Category',
    -> DATEDIFF(a.task_duration_end, a.task_duration_start) as 'Lama Pengerjaan',
    -> c.name as 'Create By', (SELECT name from users where users.id = task_dailies.user_verify_id ) as 'Verified By'
    -> FROM task_plans a
    -> RIGHT JOIN task_dailies b ON a.id = b.plan_id
    -> INNER JOIN users c ON b.id = c.id
    -> INNER JOIN users c ON b.id = c.id;
ERROR 1066 (42000): Not unique table/alias: 'c'
MariaDB [uassbd]> SELECT
    -> a.id, a.task_name, b.task_status, b.task_comments, d.category_name as 'Category',
    -> DATEDIFF(a.task_duration_end, a.task_duration_start) as 'Lama Pengerjaan',
    -> c.name as 'Create By', (SELECT name from users where users.id = task_dailies.user_verify_id ) as 'Verified By'
    -> FROM task_plans a
    -> RIGHT JOIN task_dailies b ON a.id = b.plan_id
    -> INNER JOIN users c ON b.id = c.id
    -> INNER JOIN users c ON b.id = c.id;
ERROR 1066 (42000): Not unique table/alias: 'c'
MariaDB [uassbd]> SELECT
    -> a.id, a.task_name, b.task_status, b.task_comments, d.category_name as 'Category',
    -> DATEDIFF(a.task_duration_end, a.ask_duration_start) as 'Lama Pengerjaan',
    -> c.name as 'Create By', (SELECT name from users where users.id = task_dailies.user_verify_id ) as 'Verified By'
    -> FROM task_plans a
    -> RIGHT JOIN task_dailies b ON a.id = b.plan_id
    -> INNER JOIN users c ON b.id = c.id
    -> RIGHT JOIN task_categories d ON a.category_id = d.id
    -> ;
ERROR 1054 (42S22): Unknown column 'task_dailies.user_verify_id' in 'where clause'
MariaDB [uassbd]> SELECT
    -> a.id, a.task_name, b.task_status, b.task_comments, d.category_name as 'Category',
    -> DATEDIFF(a.task_duration_end, a.task_duration_start) as 'Lama Pengerjaan',
    ->
    -> ;
ERROR 1064 (42000): You have an error in your SQL syntax; check the manual that corresponds to your MariaDB server version for the right syntax to use near '' at line 3
MariaDB [uassbd]> SELECT
    ->     -> a.id, a.task_name, b.task_status, b.task_comments, d.category_name as 'Category',
    ->     -> DATEDIFF(a.task_duration_end, a.ask_duration_start) as 'Lama Pengerjaan',
    ->     -> c.name as 'Create By', SELECT * FROM users WHERE name = (SELECT name from users where users.id = task_dailies.user_verify_id ) as 'Verified By'
    ->     -> FROM task_plans a
    ->     -> RIGHT JOIN task_dailies b ON a.id = b.plan_id
    ->     -> INNER JOIN users c ON b.id = c.id
    ->     -> RIGHT JOIN task_categories d ON a.category_id = d.id
    ->     -> ;
ERROR 1064 (42000): You have an error in your SQL syntax; check the manual that corresponds to your MariaDB server version for the right syntax to use near '> a.id, a.task_name, b.task_status, b.task_comments, d.category_name as 'Cate...' at line 2
MariaDB [uassbd]> SELECT
    ->     a.id, a.task_name, b.task_status, b.task_comments, d.category_name as 'Category',
    ->     DATEDIFF(a.task_duration_end, a.ask_duration_start) as 'Lama Pengerjaan',
    ->     c.name as 'Create By', SELECT * FROM users WHERE name = (SELECT name from users where users.id = task_dailies.user_verify_id ) as 'Verified By'
    ->     FROM task_plans a
    ->     RIGHT JOIN task_dailies b ON a.id = b.plan_id
    ->     INNER JOIN users c ON b.id = c.id
    ->     RIGHT JOIN task_categories d ON a.category_id = d.id
    ->     ;
ERROR 1064 (42000): You have an error in your SQL syntax; check the manual that corresponds to your MariaDB server version for the right syntax to use near 'SELECT * FROM users WHERE name = (SELECT name from users where users.id = tas...' at line 4
MariaDB [uassbd]>     CREATE VIEW 211402089 AS SELECT task_persons.task_id AS Task ID, task_plans.task_name AS Nama Task, task_plans.task_status AS Status, task_categories.id AS Kategori Indikator, task_categories.category_name AS Kategori, task_indicators.indicator_name AS Indikator, users.id AS Creator ID, user.name AS Creator Name FROM task_persons JOIN task_plans JOIN task_categories JOIN task_indicators JOIN users ON task_persons.id = users.id;
ERROR 1064 (42000): You have an error in your SQL syntax; check the manual that corresponds to your MariaDB server version for the right syntax to use near '211402089 AS SELECT task_persons.task_id AS Task ID, task_plans.task_name AS ...' at line 1
MariaDB [uassbd]>notee
Outfile disabled.